---
source: tests/snapshot_test.rs
expression: rendered
---
┌Draft─────────────────────────────────────────────────────┐
│To:      alice@example.com                                │
│Subject: Re: project status                               │
│Thanks for the update — looks good.                       │
│                                                          │
│More comments inline.                                     │
│                                                          │
│                                                          │
│● ready  (S to send · e to edit · q to discard)           │
└──────────────────────────────────────────────────────────┘
