---
source: tests/snapshot_test.rs
expression: rendered
---
┌Headers───────────────────────────────────────────────────┐
│From: Newsletter <news@example.com>                       │
│To: user@example.com                                      │
│Subject: Your weekly update                               │
│Date: 2024-01-07T08:00:00+00:00                           │
└──────────────────────────────────────────────────────────┘
┌Content───────────────────────────────────────────────────┐
│Hello world.                                             ↑│
│                                                         █│
│Click here for details.                                  █│
│                                                         █│
│                                                         ║│
│                                                         ↓│
└──────────────────────────────────────────────────────────┘
