---
source: tests/snapshot_test.rs
expression: rendered
---
┌Folders───────────────────────────────┐
│INBOX                                 │
│Drafts                                │
│Sent                                  │
│                                      │
│                                      │
│                                      │
│                                      │
│                                      │
└──────────────────────────────────────┘
